<!DOCTYPE html>
<html>
    <head>
        <meta charset="utf-8" />
        <title>Online documentation</title>
    </head>
    <body>
      <h1> Ocaml Documenation </h1>
      <p>
        <!-- dis::source.ml::3::1 -->
        let rec fac n = if n <= 0 then 1 else fac (n-1)*n
      </p>
    </body>
</html><!Doctype html>
