distar
|-source(s): source_1.ml / source_2.ml
|-target: target.md
